// Jest Snapshot v1, https://goo.gl/fbAQLP

exports[`Save 1`] = `
Array [
  Object {
    "id": "368",
    "revision": "1",
  },
  Object {
    "id": "369",
    "revision": "1",
  },
]
`;
